dashboard:1 Access to XMLHttpRequest at 'http://localhost:8000/api/v1/dashboard/metrics?pillar=E&site_id=1' from origin 'http://localhost:5173' has been blocked by CORS policy: No 'Access-Control-Allow-Origin' header is present on the requested resource.
:8000/api/v1/dashboard/metrics?pillar=E&site_id=1:1  Failed to load resource: net::ERR_FAILED
dashboard:1 Access to XMLHttpRequest at 'http://localhost:8000/api/v1/dashboard/metrics?pillar=E&site_id=1' from origin 'http://localhost:5173' has been blocked by CORS policy: No 'Access-Control-Allow-Origin' header is present on the requested resource.
:8000/api/v1/dashboard/metrics?pillar=E&site_id=1:1  Failed to load resource: net::ERR_FAILED
dashboard:1 Access to XMLHttpRequest at 'http://localhost:8000/api/v1/dashboard/metrics?pillar=E&site_id=1' from origin 'http://localhost:5173' has been blocked by CORS policy: No 'Access-Control-Allow-Origin' header is present on the requested resource.
:8000/api/v1/dashboard/metrics?pillar=E&site_id=1:1  Failed to load resource: net::ERR_FAILED
dashboard:1 Access to XMLHttpRequest at 'http://localhost:8000/api/v1/dashboard/metrics?pillar=E&site_id=1' from origin 'http://localhost:5173' has been blocked by CORS policy: No 'Access-Control-Allow-Origin' header is present on the requested resource.
:8000/api/v1/dashboard/metrics?pillar=E&site_id=1:1  Failed to load resource: net::ERR_FAILED
dashboard:1 Access to XMLHttpRequest at 'http://localhost:8000/api/v1/dashboard/compare?month_a_year=2026&month_a_month=5&month_b_year=2026&month_b_month=6&pillar=E&site_id=1' from origin 'http://localhost:5173' has been blocked by CORS policy: No 'Access-Control-Allow-Origin' header is present on the requested resource.
:8000/api/v1/dashboard/compare?month_a_year=2026&month_a_month=5&month_b_year=2026&month_b_month=6&pillar=E&site_id=1:1  Failed to load resource: net::ERR_FAILED
dashboard:1 Access to XMLHttpRequest at 'http://localhost:8000/api/v1/dashboard/score?site_id=1' from origin 'http://localhost:5173' has been blocked by CORS policy: No 'Access-Control-Allow-Origin' header is present on the requested resource.
:8000/api/v1/dashboard/score?site_id=1:1  Failed to load resource: net::ERR_FAILED
dashboard:1 Access to XMLHttpRequest at 'http://localhost:8000/api/v1/dashboard/compare?month_a_year=2026&month_a_month=5&month_b_year=2026&month_b_month=6&pillar=E&site_id=1' from origin 'http://localhost:5173' has been blocked by CORS policy: No 'Access-Control-Allow-Origin' header is present on the requested resource.
:8000/api/v1/dashboard/compare?month_a_year=2026&month_a_month=5&month_b_year=2026&month_b_month=6&pillar=E&site_id=1:1  Failed to load resource: net::ERR_FAILED
dashboard:1 Access to XMLHttpRequest at 'http://localhost:8000/api/v1/dashboard/score?site_id=1' from origin 'http://localhost:5173' has been blocked by CORS policy: No 'Access-Control-Allow-Origin' header is present on the requested resource.
:8000/api/v1/dashboard/score?site_id=1:1  Failed to load resource: net::ERR_FAILED
dashboard:1 Access to XMLHttpRequest at 'http://localhost:8000/api/v1/dashboard/compare?month_a_year=2026&month_a_month=5&month_b_year=2026&month_b_month=6&pillar=E&site_id=1' from origin 'http://localhost:5173' has been blocked by CORS policy: No 'Access-Control-Allow-Origin' header is present on the requested resource.
:8000/api/v1/dashboard/compare?month_a_year=2026&month_a_month=5&month_b_year=2026&month_b_month=6&pillar=E&site_id=1:1  Failed to load resource: net::ERR_FAILED
dashboard:1 Access to XMLHttpRequest at 'http://localhost:8000/api/v1/dashboard/score?site_id=1' from origin 'http://localhost:5173' has been blocked by CORS policy: No 'Access-Control-Allow-Origin' header is present on the requested resource.
:8000/api/v1/dashboard/score?site_id=1:1  Failed to load resource: net::ERR_FAILED
dashboard:1 Access to XMLHttpRequest at 'http://localhost:8000/api/v1/dashboard/compare?month_a_year=2026&month_a_month=5&month_b_year=2026&month_b_month=6&pillar=E&site_id=1' from origin 'http://localhost:5173' has been blocked by CORS policy: No 'Access-Control-Allow-Origin' header is present on the requested resource.
:8000/api/v1/dashboard/compare?month_a_year=2026&month_a_month=5&month_b_year=2026&month_b_month=6&pillar=E&site_id=1:1  Failed to load resource: net::ERR_FAILED
dashboard:1 Access to XMLHttpRequest at 'http://localhost:8000/api/v1/dashboard/score?site_id=1' from origin 'http://localhost:5173' has been blocked by CORS policy: No 'Access-Control-Allow-Origin' header is present on the requested resource.
:8000/api/v1/dashboard/score?site_id=1:1  Failed to load resource: net::ERR_FAILED
[NEW] Explain Console errors by using Copilot in Edge: click  to explain an error. Learn moreDon't show again
